{"timestamp":53,"server_id":1,"client_name":"SYSTEM","content":"Client#2@S1 left.","msg_id":13}
{"timestamp":53,"server_id":2,"client_name":"SYSTEM","content":"Client#2@S2 left.","msg_id":12}
{"timestamp":52,"server_id":3,"client_name":"SYSTEM","content":"Client#4@S3 left.","msg_id":15}
{"timestamp":56,"server_id":1,"client_name":"SYSTEM","content":"Client#9@S1 joined!","msg_id":14}
{"timestamp":56,"server_id":3,"client_name":"SYSTEM","content":"Client#11@S3 joined!","msg_id":16}
{"timestamp":56,"server_id":2,"client_name":"SYSTEM","content":"Client#9@S2 joined!","msg_id":13}
{"timestamp":59,"server_id":2,"client_name":"SYSTEM","content":"Client#1@S2 left.","msg_id":14}
{"timestamp":61,"server_id":1,"client_name":"SYSTEM","content":"Client#1@S1 left.","msg_id":15}
{"timestamp":63,"server_id":3,"client_name":"SYSTEM","content":"Client#3@S3 left.","msg_id":17}
{"timestamp":65,"server_id":1,"client_name":"SYSTEM","content":"Client#10@S1 joined!","msg_id":16}
{"timestamp":64,"server_id":3,"client_name":"SYSTEM","content":"Client#12@S3 joined!","msg_id":18}
{"timestamp":65,"server_id":2,"client_name":"SYSTEM","content":"Client#10@S2 joined!","msg_id":15}
{"timestamp":68,"server_id":1,"client_name":"SYSTEM","content":"Client#11@S1 joined!","msg_id":17}
{"timestamp":70,"server_id":2,"client_name":"SYSTEM","content":"Client#11@S2 joined!","msg_id":16}
{"timestamp":72,"server_id":3,"client_name":"SYSTEM","content":"Client#13@S3 joined!","msg_id":19}
{"timestamp":74,"server_id":1,"client_name":"Client#11@S1","content":"hi 1","msg_id":18}
{"timestamp":76,"server_id":2,"client_name":"Client#11@S2","content":"hi 2","msg_id":17}
{"timestamp":78,"server_id":3,"client_name":"Client#13@S3","content":"hi 3","msg_id":20}
{"timestamp":80,"server_id":1,"client_name":"SYSTEM","content":"Client#8@S1 left.","msg_id":19}
{"timestamp":80,"server_id":2,"client_name":"SYSTEM","content":"Client#8@S2 left.","msg_id":18}
{"timestamp":79,"server_id":3,"client_name":"SYSTEM","content":"Client#10@S3 left.","msg_id":21}
{"timestamp":83,"server_id":1,"client_name":"SYSTEM","content":"Client#12@S1 joined!","msg_id":20}
{"timestamp":83,"server_id":2,"client_name":"SYSTEM","content":"Client#12@S2 joined!","msg_id":19}
{"timestamp":83,"server_id":3,"client_name":"SYSTEM","content":"Client#14@S3 joined!","msg_id":22}
{"timestamp":86,"server_id":1,"client_name":"Client#11@S1","content":"hi 1","msg_id":21}
{"timestamp":88,"server_id":2,"client_name":"Client#11@S2","content":"hi 2","msg_id":20}
{"timestamp":90,"server_id":3,"client_name":"Client#13@S3","content":"hi 3","msg_id":23}
{"timestamp":92,"server_id":1,"client_name":"SYSTEM","content":"Client#12@S1 left.","msg_id":22}
{"timestamp":92,"server_id":2,"client_name":"SYSTEM","content":"Client#12@S2 left.","msg_id":21}
{"timestamp":91,"server_id":3,"client_name":"SYSTEM","content":"Client#14@S3 left.","msg_id":24}
{"timestamp":95,"server_id":1,"client_name":"SYSTEM","content":"Client#13@S1 joined!","msg_id":23}
{"timestamp":95,"server_id":2,"client_name":"SYSTEM","content":"Client#13@S2 joined!","msg_id":22}
{"timestamp":95,"server_id":3,"client_name":"SYSTEM","content":"Client#15@S3 joined!","msg_id":25}
{"timestamp":98,"server_id":1,"client_name":"Client#11@S1","content":"hi 1 l","msg_id":24}
{"timestamp":100,"server_id":2,"client_name":"Client#11@S2","content":"hi 2 l","msg_id":23}
{"timestamp":102,"server_id":3,"client_name":"Client#13@S3","content":"hi 3 l","msg_id":26}
{"timestamp":104,"server_id":1,"client_name":"Client#11@S1","content":"what 1","msg_id":25}
{"timestamp":106,"server_id":2,"client_name":"Client#11@S2","content":"what 2","msg_id":24}
{"timestamp":108,"server_id":3,"client_name":"Client#13@S3","content":"what 3","msg_id":27}
{"timestamp":110,"server_id":1,"client_name":"SYSTEM","content":"Client#11@S1 left.","msg_id":26}
{"timestamp":112,"server_id":2,"client_name":"SYSTEM","content":"Client#11@S2 left.","msg_id":25}
{"timestamp":114,"server_id":3,"client_name":"SYSTEM","content":"Client#13@S3 left.","msg_id":28}
